[2024-09-23 06:56:02] {"action":"productoDesactivado"}
[2024-09-23 06:56:04] {"action":"productoDesactivado"}
[2024-09-23 06:56:18] {"action":"productoEliminado"}
[2024-09-23 06:56:30] {"action":"productoReactivado"}
[2024-09-23 06:56:40] {"action":"productoDesactivado"}
[2024-09-23 06:56:45] {"action":"productoReactivado"}
[2024-09-23 06:56:47] {"action":"productoReactivado"}
[2024-09-23 06:56:49] {"action":"productoReactivado"}
[2024-09-23 06:57:23] {"action":"productoDesactivado"}
[2024-09-23 06:57:27] {"action":"productoReactivado"}
[2024-09-23 07:00:44] {"action":"categoriaActualizada"}
[2024-09-23 07:01:21] {"action":"categoriaActualizada"}
[2024-09-23 07:01:58] {"action":"productoDesactivado"}
[2024-09-23 07:02:05] {"action":"productoDesactivado"}
[2024-09-23 07:03:11] {"action":"productoDesactivado"}
[2024-09-23 07:03:27] {"action":"productoReactivado"}
[2024-09-23 07:03:29] {"action":"productoReactivado"}
[2024-09-23 07:03:31] {"action":"productoReactivado"}
[2024-09-23 07:05:15] {"action":"categoriaActualizada"}
[2024-09-23 07:05:21] {"action":"categoriaActualizada"}
[2024-09-23 07:05:26] {"action":"categoriaActualizada"}
[2024-09-23 07:05:29] {"action":"categoriaActualizada"}
[2024-09-23 07:08:52] {"action":"categoriaActualizada"}
[2024-09-23 07:09:08] {"action":"categoriaActualizada"}
[2024-09-23 07:09:12] {"action":"categoriaActualizada"}
[2024-09-23 07:09:12] {"action":"categoriaActualizada"}
[2024-09-23 07:09:18] {"action":"categoriaActualizada"}
[2024-09-23 07:12:59] {"action":"nuevoProductoAgregado"}
[2024-09-23 07:13:26] {"action":"productoEliminado"}
[2024-09-23 17:44:31] {"action":"productoReactivado"}
[2024-09-23 17:44:39] {"action":"productoDesactivado"}
[2024-09-23 17:45:06] {"action":"productoDesactivado"}
[2024-09-23 17:45:21] {"action":"productoReactivado"}
[2024-09-23 17:45:23] {"action":"productoReactivado"}
[2024-09-23 17:53:38] {"action":"categoriaActualizada"}
[2024-09-23 17:53:49] {"action":"categoriaActualizada"}
[2024-09-23 17:53:52] {"action":"categoriaActualizada"}
[2024-09-23 17:55:31] {"action":"categoriaActualizada"}
[2024-09-23 17:55:34] {"action":"categoriaActualizada"}
[2024-09-23 17:57:03] {"action":"categoriaActualizada"}
[2024-09-23 17:57:54] {"action":"categoriaActualizada"}
[2024-09-23 18:00:26] {"action":"categoriaActualizada"}
[2024-09-23 18:02:50] {"action":"categoriaActualizada"}
[2024-09-23 18:03:16] {"action":"categoriaActualizada"}
[2024-09-23 18:03:38] {"action":"categoriaActualizada"}
[2024-09-23 18:05:04] {"action":"categoriaActualizada"}
[2024-09-23 18:05:32] {"action":"categoriaActualizada"}
[2024-09-23 18:05:54] {"action":"categoriaActualizada"}
[2024-09-23 18:09:07] {"action":"categoriaActualizada"}
[2024-09-23 18:10:12] {"action":"categoriaActualizada"}
[2024-09-23 18:10:15] {"action":"categoriaActualizada"}
[2024-09-23 18:10:30] {"action":"categoriaActualizada"}
[2024-09-23 18:10:32] {"action":"categoriaActualizada"}
[2024-09-23 18:10:40] {"action":"categoriaActualizada"}
[2024-09-23 18:10:51] {"action":"categoriaActualizada"}
[2024-09-23 18:10:55] {"action":"categoriaActualizada"}
[2024-09-23 18:10:58] {"action":"categoriaActualizada"}
[2024-09-23 18:11:33] {"action":"categoriaActualizada"}
[2024-09-23 18:11:38] {"action":"categoriaActualizada"}
[2024-09-23 18:11:42] {"action":"categoriaActualizada"}
[2024-09-23 18:11:45] {"action":"categoriaActualizada"}
[2024-09-23 18:11:49] {"action":"categoriaActualizada"}
[2024-09-23 18:13:28] {"action":"categoriaActualizada"}
[2024-09-23 18:13:31] {"action":"categoriaActualizada"}
[2024-09-23 18:14:06] {"action":"categoriaActualizada"}
[2024-09-23 18:14:10] {"action":"categoriaActualizada"}
[2024-09-23 18:14:16] {"action":"categoriaActualizada"}
[2024-09-23 18:15:44] {"action":"categoriaActualizada"}
[2024-09-23 18:23:22] {"action":"categoriaActualizada"}
[2024-09-23 18:29:18] {"action":"categoriaActualizada"}
[2024-09-23 18:29:22] {"action":"categoriaActualizada"}
[2024-09-23 18:29:29] {"action":"categoriaActualizada"}
[2024-09-23 18:30:14] {"action":"categoriaActualizada"}
[2024-09-23 18:30:16] {"action":"categoriaActualizada"}
[2024-09-23 18:30:20] {"action":"categoriaActualizada"}
[2024-09-23 18:30:40] {"action":"categoriaActualizada"}
[2024-09-23 18:33:01] {"action":"categoriaActualizada"}
[2024-09-23 18:34:36] {"action":"categoriaActualizada"}
[2024-10-10 00:23:27] Hola servidor!
[2024-10-10 00:23:57] Hola servidor!
[2024-10-10 00:24:13] Hola servidor!
[2024-10-10 00:24:20] Hola servidor!
[2024-10-10 00:30:13] Hola servidor!
[2024-10-10 00:40:42] Hola servidor!
[2024-10-10 00:40:44] Hola servidor!
[2024-10-10 00:40:50] Hola servidor!
[2024-10-10 00:41:49] {"action":"categoriaActualizada"}
[2024-10-10 00:41:54] {"action":"categoriaActualizada"}
[2024-10-10 00:50:05] Hola servidor!
[2024-10-10 08:54:52] Hola servidor!
[2024-10-10 08:59:04] Hola servidor!
[2024-10-10 09:00:20] {"action":"categoriaActualizada"}
[2024-10-10 09:00:41] {"action":"categoriaActualizada"}
[2024-10-10 09:00:41] {"action":"categoriaActualizada"}
[2024-10-10 09:00:54] Hola servidor!
[2024-10-10 09:01:00] {"action":"categoriaActualizada"}
[2024-10-10 09:01:03] {"action":"categoriaActualizada"}
[2024-10-10 09:01:07] {"action":"categoriaActualizada"}
[2024-10-10 09:01:14] {"action":"categoriaActualizada"}
[2024-10-10 09:01:17] {"action":"categoriaActualizada"}
[2024-10-10 09:01:21] {"action":"categoriaActualizada"}
[2024-10-10 09:01:30] {"action":"categoriaActualizada"}
[2024-10-10 09:01:47] {"action":"categoriaActualizada"}
[2024-10-11 17:39:37] Hola servidor!
[2024-10-11 18:03:46] Hola servidor!
[2024-10-11 22:13:38] Hola servidor!
[2024-10-18 20:40:39] Hola servidor!
[2024-10-18 20:47:43] Hola servidor!
[2024-10-18 20:55:59] Hola servidor!
[2024-10-18 20:56:05] Hola servidor!
[2024-10-18 20:56:09] Hola servidor!
[2024-10-18 20:56:13] Hola servidor!
[2024-10-18 20:57:00] Hola servidor!
[2024-10-18 20:57:33] Hola servidor!
[2024-10-18 20:59:42] Hola servidor!
[2024-10-18 21:01:03] Hola servidor!
[2024-10-18 21:03:20] Hola servidor!
[2024-10-18 21:03:51] Hola servidor!
[2024-10-18 21:04:44] Hola servidor!
[2024-10-18 21:27:47] Hola servidor!
[2024-10-18 21:28:01] Hola servidor!
[2024-10-18 21:28:05] Hola servidor!
[2024-10-18 23:49:37] Hola servidor!
[2024-10-27 22:34:58] Hola servidor!
[2024-10-27 22:35:02] Hola servidor!
[2024-10-27 22:35:14] Hola servidor!
[2024-10-27 22:35:43] Hola servidor!
[2024-10-27 22:35:59] Hola servidor!
[2024-10-27 22:36:08] Hola servidor!
[2024-10-27 22:37:05] Hola servidor!
[2024-10-27 22:38:14] Hola servidor!
[2024-10-27 22:39:18] Hola servidor!
[2024-11-20 23:39:54] Hola servidor!
[2024-11-20 23:40:08] Hola servidor!
[2024-11-21 00:08:46] Hola servidor!
[2024-11-21 00:10:28] {"action":"detallesActualizados"}
[2024-11-21 00:10:38] {"action":"detallesActualizados"}
[2024-11-21 00:11:08] Hola servidor!
[2024-11-21 00:11:12] {"action":"detallesActualizados"}
[2024-11-21 00:11:48] {"action":"imagenProductoActualizada"}
[2024-11-21 00:11:58] {"action":"imagenProductoActualizada"}
[2024-11-21 00:26:18] {"action":"imagenProductoActualizada"}
[2024-11-21 00:26:57] {"action":"imagenProductoActualizada"}
[2024-11-21 00:28:36] {"action":"imagenProductoActualizada"}
[2024-11-21 00:45:38] {"action":"categoriaActualizada"}
[2024-11-21 00:45:41] Hola servidor!
[2024-11-21 00:45:49] {"action":"categoriaActualizada"}
[2024-11-21 00:45:50] {"action":"categoriaActualizada"}
[2024-11-21 00:47:49] {"action":"categoriaActualizada"}
[2024-11-21 00:48:04] {"action":"categoriaActualizada"}
[2024-11-21 00:48:04] {"action":"categoriaActualizada"}
[2024-11-21 00:48:09] {"action":"categoriaActualizada"}
[2024-11-21 00:48:15] {"action":"categoriaActualizada"}
[2024-11-21 00:48:17] {"action":"categoriaActualizada"}
[2024-11-21 00:51:07] {"action":"categoriaActualizada"}
[2024-11-21 00:51:17] {"action":"detallesActualizados"}
[2024-11-21 00:54:36] Hola servidor!
[2024-11-21 00:56:10] Hola servidor!
[2024-11-21 00:58:00] {"action":"imagenProductoActualizada"}
[2024-11-21 00:58:19] Hola servidor!
[2024-11-21 00:58:38] {"action":"imagenProductoActualizada"}
[2024-11-21 00:58:43] {"action":"imagenProductoActualizada"}
[2024-11-21 00:58:53] {"action":"imagenProductoActualizada"}
[2024-11-21 00:59:01] Hola servidor!
[2024-11-21 00:59:18] {"action":"imagenProductoActualizada"}
[2024-11-21 01:03:34] {"action":"imagenProductoActualizada"}
[2024-11-21 01:03:55] {"action":"imagenProductoActualizada"}
[2024-11-21 01:04:43] Hola servidor!
[2024-11-21 01:05:43] {"action":"categoriaActualizada"}
[2024-11-21 01:06:30] {"action":"categoriaActualizada"}
[2024-11-21 01:06:47] {"action":"categoriaActualizada"}
[2024-11-21 01:06:58] {"action":"categoriaActualizada"}
[2024-11-21 01:08:20] {"action":"imagenProductoActualizada"}
[2024-11-21 01:10:24] {"action":"categoriaActualizada"}
[2024-11-21 01:10:41] Hola servidor!
[2024-11-21 01:10:45] Hola servidor!
[2024-11-21 01:13:12] Hola servidor!
[2024-11-21 01:18:39] Hola servidor!
[2024-11-21 01:25:24] Hola servidor!
[2024-11-21 01:32:42] Hola servidor!
[2024-11-21 01:47:31] Hola servidor!
[2024-11-21 01:47:43] Hola servidor!
